00000142 A num_got_entries
bc000000 T _start
bc000400 t reset
bc000684 t CPLL_READY
bc0006e8 t CPLL_DONE
bc000728 t LDO_1P8V
bc000740 t LDO_2P5V
bc000754 t DDRLDO_SOFT_START
bc000774 t LDO_DELAY
bc000798 t SET_RG_BUCK_FPWM
bc0007ac t DDR_PAD_CFG
bc00083c t MT7628_KN_PAD
bc000860 t MT7628_AN_DDR1_PAD
bc0008a4 t MT7628_AN_DDR2_PAD
bc0008d0 t SET_PAD_CFG
bc000948 t DDR_READY
bc000b0c t SDRAM_INIT_DOWN
bc000b14 t tRFCinit
bc000b80 T relocate_code
bc000bdc t in_ram
bc000c3c t romReserved
bc000c40 t romExcHandle
bc000c44 T init_cpu_pll
bc000d9c t CPLL_EXIT
bc000da0 T SDR_CFG0_TBL
bc000dc0 T SDR_CFG1_TBL
bc000de0 T DDR1_CFG0_TBL
bc000e08 T DDR1_CFG1_TBL
bc000e30 t DDR1_CFG2_TBL
bc000e58 t DDR1_CFG3_TBL
bc000e80 t DDR1_CFG4_TBL
bc000ea8 T DDR2_CFG0_TBL
bc000ec8 T DDR2_CFG1_TBL
bc000ee8 t DDR2_CFG2_TBL
bc000f08 t DDR2_CFG3_TBL
bc000f28 t DDR2_CFG4_TBL
bc000f50 T sbrk
bc000fa0 T board_init_f
bc00125c T OperationSelect
bc001364 T tftp_config
bc001874 T trigger_hw_reset
bc00187c T config_usb_ehciohci
bc0018b4 T disable_pcie
bc0018ec T board_init_r
bc002b90 T hang
bc002bc0 T rw_rf_reg
bc002cbc T do_rw_rf
bc002e00 t mips_count_get
bc002e08 T timer_init
bc002e1c T get_timer
bc002e60 T udelay
bc002ef0 T mdelay
bc002f40 T NetSetEther
bc002fc0 T ArpRequest
bc003134 t startAgainTimeout
bc003150 t startAgainHandler
bc003158 T NetSetTimeout
bc0031bc T NetSetHandler
bc0031d4 T NetStartAgain
bc0032c8 T ArpTimeoutCheck
bc003398 T NetSendPacket
bc0033b0 T NetCksum
bc0033f8 T NetSetIP
bc00356c T NetSendUDPPacket
bc003738 T NetCksumOk
bc003778 T NetEthHdrSize
bc003780 T copy_filename
bc0037f4 T ip_to_string
bc003874 T string_to_ip
bc003938 T getenv_IPaddr
bc003974 T NetLoop
bc003e54 T print_IPaddr
bc003e98 T NetSendHttpd
bc003f30 T NetReceiveHttpd
bc004014 T NetReceive
bc004660 T NetLoopHttpd
bc004b20 T TftpSend
bc004d40 t TftpHandler
bc0050f0 t TftpTimeout
bc005184 T TftpStart
bc005430 T eth_parse_enetaddr
bc0054d0 T eth_get_dev_by_name
bc005554 T eth_register
bc0055c0 T eth_initialize
bc005800 T eth_try_another
bc005838 T eth_init
bc0058e8 T eth_halt
bc005940 T eth_send
bc005978 T eth_rx
bc0059b0 T HttpdHandler
bc005b0c T HttpdStart
bc005b44 T do_http_upgrade
bc005c18 T do_http_progress
bc005e30 T uip_init
bc005ecc T uip_unlisten
bc005f28 T uip_listen
bc005f84 t uip_add_rcv_nxt
bc006000 T uip_process
bc007030 T uip_add32
bc007104 T uip_chksum
bc00717c T uip_ipchksum
bc0071b8 T uip_tcpchksum
bc007320 T uip_arp_init
bc0073a0 T uip_arp_timer
bc007468 t uip_arp_update
bc007648 T uip_arp_ipin
bc0076d8 T uip_arp_arpin
bc007850 T uip_arp_out
bc007aa0 t httpd_download_progress
bc007b18 T httpd_init
bc007b54 t httpd_state_reset
bc007bb4 t httpd_findandstore_firstchunk
bc007df0 T httpd_appcall
bc0086e0 T fs_open
bc008778 T fs_init
bc008780 T START_ETH
bc0087e0 T STOP_ETH
bc008848 T rt2880_free_buf_entry_dequeue
bc00887c t rt2880_free_buf_entry_enqueue
bc0088fc T rt2880_eth_initialize
bc008b4c T LANWANPartition
bc008b54 T isDMABusy
bc008bc4 t rt2880_eth_init
bc008ee0 T mt7628_ephy_init
bc009154 T rt305x_esw_init
bc009294 t rt2880_eth_send
bc009494 t rt2880_eth_recv
bc009680 T rt2880_eth_halt
bc009698 t delete_char
bc0097f0 T readline
bc009ad4 T input_value
bc009b70 T enable_mdio
bc009b78 T mii_mgr_read
bc009cc4 T mii_mgr_write
bc009e0c T dump_phy_reg
bc009fc0 T rt2880_mdio_access
bc00a470 t bbu_spic_busy_wait
bc00a504 T spic_init
bc00a50c t bbu_mb_spic_trans
bc00a850 t bbu_spic_trans
bc00ab90 t raspi_read_rg
bc00abe0 t raspi_read_sr
bc00ac00 t raspi_write_rg
bc00ac54 t raspi_write_sr
bc00ac74 t raspi_read_devid
bc00ad10 t raspi_wait_ready
bc00ae14 t raspi_4byte_mode
bc00b020 T chip_prob
bc00b160 T raspi_init
bc00b1a8 T raspi_erase
bc00b3b8 T raspi_read
bc00b53c T raspi_write
bc00b878 T raspi_erase_write
bc00bc68 T do_mem_cp
bc00be7c T do_flerase
bc00c170 T ralink_spi_command
bc00c780 T run_command
bc00cc84 T main_loop
bc00cd90 T do_go
bc00ce70 T print_image_hdr
bc00d224 T do_bootm
bc00d830 T send_pad
bc00d888 T ktrans
bc00d8c4 T chk1
bc00d8fc T s1_sendpacket
bc00d95c T send_ack
bc00d9e8 T send_nack
bc00da74 t bin_data_init
bc00daa4 t bin_data_char
bc00daf0 T k_data_init
bc00db10 T k_data_save
bc00db60 T k_data_restore
bc00dbb0 T k_data_char
bc00dc54 T handle_send_packet
bc00deb4 T do_load_serial_bin
bc00e500 T do_tftpb
bc00e930 T cmd_get_data_size
bc00e9e8 T do_mem_md
bc00ecb8 T do_mem_base
bc00ed24 T do_mem_loop
bc00eeac t mod_mem
bc00f0b8 T do_mem_nm
bc00f100 T do_mem_mm
bc00f150 t envmatch
bc00f1f4 T do_printenv
bc00f464 T _do_setenv
bc00fb54 T setenv
bc00fba8 T do_setenv
bc00fc1c T getenv
bc00fcf4 T do_saveenv
bc00fd50 T do_version
bc00fd90 T find_cmd
bc00feb0 T do_help
bc010140 t console_setfile
bc010228 T serial_printf
bc010280 T fgetc
bc0102b8 T ftstc
bc0102f0 T fputc
bc010334 T fputs
bc010374 T fprintf
bc0103d4 T getc
bc010414 T tstc
bc010454 T putc
bc01049c T puts
bc0104dc T printf
bc010534 T vprintf
bc010580 T ctrlc
bc010604 T disable_ctrlc
bc010620 T had_ctrlc
bc010638 T clear_ctrlc
bc010650 T dbg
bc010660 T console_assign
bc01077c T console_init_f
bc01078c T console_init_r
bc010900 T device_register
bc010944 T devices_init
bc010a40 T devices_done
bc010a80 T malloc_bin_reloc
bc010ac0 t do_check_chunk
bc010ac8 t do_check_free_chunk
bc010ad0 t do_check_inuse_chunk
bc010ad8 t do_check_malloced_chunk
bc010ae0 T malloc_trim
bc010c08 T free
bc010e7c T malloc
bc0115c8 T realloc
bc011b3c T memalign
bc011cd4 T valloc
bc011cf0 T pvalloc
bc011d14 T calloc
bc011e28 T cfree
bc011e40 T malloc_usable_size
bc011e98 T mallopt
bc011f30 T env_crc_update
bc011f80 t env_get_char_init
bc011fcc T env_get_char_memory
bc012000 T env_get_addr
bc012030 T env_relocate
bc012120 t dummy
bc012128 T get_version
bc012130 T jumptable_init
bc0121d0 T NewHandle
bc01227c T DisposeHandle
bc0122d8 T GetHandleSize
bc0122e0 T SetHandleSize
bc0123a8 T ListCreate
bc012418 T ListDispose
bc012430 T ListInsertItems
bc01267c T ListInsertItem
bc012694 T ListGetPtrToItem
bc0126d4 T ListNumItems
bc0126e0 t is_valid_gpio_nr
bc0126ec t get_gpio_reg_item
bc012784 t get_gpio_reg_bit_shift
bc0127dc T mtk7620_get_gpio_reg_addr
bc0128b0 T mtk7620_set_gpio_dir
bc012c50 T mtk7620_get_gpio_pin
bc012cec T mtk7620_set_gpio_pin
bc012db0 T led_init
bc012e40 T gpio_init
bc012e5c T DETECT
bc012ebc T DETECT_WPS
bc012f04 T LEDON
bc012f48 T LEDOFF
bc012f8c T ALL_LED_INIT
bc0132c8 T ALL_LEDON
bc013614 T ALL_LEDOFF
bc013960 T env_get_char_spec
bc013970 T env_init
bc013994 T spi_env_init
bc013a60 T saveenv
bc013bbc T env_relocate_spec
bc013bf0 T crc32
bc013e10 T display_options
bc013e50 T print_size
bc013f60 T strchr
bc013f9c T strlen
bc013fc0 T strrchr
bc014038 T strnlen
bc014074 T memset
bc0140a0 T memcpy
bc0140d0 T memmove
bc01414c T memcmp
bc01417c T strstr
bc014240 T simple_strtoul
bc014334 T simple_strtol
bc014384 t skip_atoi
bc0143e4 t number
bc014658 T vsprintf
bc014bb4 T sprintf
bc014bf0 T panic
bc014c70 T RangeDecoderReadByte
bc014ca4 T RangeDecoderInit
bc014d2c T RangeDecoderDecodeDirectBits
bc014de8 T RangeDecoderBitDecode
bc014efc T RangeDecoderBitTreeDecode
bc014f90 T RangeDecoderReverseBitTreeDecode
bc015034 T LzmaLiteralDecode
bc0150a4 T LzmaLiteralDecodeMatch
bc01517c T LzmaLenDecode
bc015268 T LzmaDecode
bc0156dc T lzmaBuffToBuffDecompress
bc0158f0 T get_ram_size
bc015a24 T initdram
bc015a60 T checkboard
bc015aa0 T serial_setbrg
bc015b04 T serial_init
bc015b3c T serial_putc
bc015b90 T serial_tstc
bc015ba4 T serial_getc
bc015bc8 T serial_puts
bc015c20 T do_reset
bc015c38 T flush_cache
bc015cd4 T flush_dcache_range
bc015d14 T invalidate_dcache_range
bc015d60 t linux_env_set
bc015e88 T do_bootm_linux
bc016670 R version_string
bc016750 r data_uboot_html
bc016b3c r data_style_css
bc016e10 r data_index_html
bc0171ac r data_flashing_html
bc0178ac r data_fail_html
bc017b7c r data_art_html
bc017f0c r data_404_html
bc0180c0 r __func__.2
bc0180d4 r __func__.8
bc0180e8 r __func__.1
bc018114 r __func__.4
bc018124 r __func__.3
bc018134 r __func__.0
bc018148 r __func__.9
bc01815c r __func__.10
bc018170 r __func__.6
bc018180 r __func__.11
bc01818c r __func__.7
bc018198 r __func__.5
bc018270 r baudrate_table
bc018290 r s_gpio_reg_offset
bc018310 r p.0
bc01bb70 D NetBcastAddr
bc01bb80 D uip_ethaddr
bc01bb90 d eol
bc01bb94 d eol2
bc01bba0 d tab_seq
bc01bbac d erase_seq
bc01bbb0 D stm_opcodes
bc01bbf0 D load_addr
bc01bc00 D dp_last_length
bc01bc10 d mmap_threshold
bc01bc14 d trim_threshold
bc01bc18 d sbrk_base
bc01bc20 D default_environment
bc01bc90 d flash_addr
bc01bca0 d crc_table_empty
bc01bcb0 D _ctype
bc01bdb0 D file_uboot_html
bc01bdc0 D file_style_css
bc01bdd0 D file_index_html
bc01bde0 D file_flashing_html
bc01bdf0 D file_fail_html
bc01be00 D file_art_html
bc01be10 D file_404_html
bc01be20 d chips_data
bc01c0f0 D stdio_names
bc01c0fc d av_
bc01c504 D env_get_char
bc01c508 D env_name_spec
bc01c510 A _gp
bc01c510 D _GLOBAL_OFFSET_TABLE_
bc01c510 D __got_start
bc01ca18 A __u_boot_cmd_start
bc01ca18 D __got_end
bc01ca18 D __u_boot_cmd_rf
bc01ca30 D __u_boot_cmd_mdio
bc01ca48 D __u_boot_cmd_spi
bc01ca60 D __u_boot_cmd_erase
bc01ca78 D __u_boot_cmd_cp
bc01ca90 D __u_boot_cmd_reset
bc01caa8 D __u_boot_cmd_go
bc01cac0 D __u_boot_cmd_bootm
bc01cad8 D __u_boot_cmd_loadb
bc01caf0 D __u_boot_cmd_tftpboot
bc01cb08 D __u_boot_cmd_nm
bc01cb20 D __u_boot_cmd_mm
bc01cb38 D __u_boot_cmd_md
bc01cb50 D __u_boot_cmd_saveenv
bc01cb68 D __u_boot_cmd_setenv
bc01cb80 D __u_boot_cmd_printenv
bc01cb98 D __u_boot_cmd_question_mark
bc01cbb0 D __u_boot_cmd_help
bc01cbc8 D __u_boot_cmd_version
bc01cbe0 A __u_boot_cmd_end
bc01cbe0 A uboot_end_data
bc01cbe0 B modifies
bc01cbe4 b mem_malloc_start
bc01cbe8 b mem_malloc_end
bc01cbec b mem_malloc_brk
bc01cbf0 b file_name_space
bc01cc70 B NetTxPacket
bc01cc74 B NetEtherNullAddr
bc01cc7c B NetServerEther
bc01cc82 B NetBootFileSize
bc01cc84 B NetOurRootPath
bc01ccc4 B NetOurHostName
bc01cce4 B NetOurNISDomain
bc01cd04 B NetOurDNSIP
bc01cd08 B NetOurGatewayIP
bc01cd0c B NetOurSubnetMask
bc01cd10 B webfailsafe_upgrade_type
bc01cd14 B webfailsafe_ready_for_upgrade
bc01cd18 B webfailsafe_is_running
bc01cd1c B webfailsafe_data_pointer
bc01cd20 b packetHandler
bc01cd24 b timeHandler
bc01cd28 b timeStart
bc01cd2c b timeDelta
bc01cd30 b TftpServerPort
bc01cd34 b TftpOurPort
bc01cd38 b TftpTimeoutCount
bc01cd3c b TftpBlock
bc01cd40 b TftpLastBlock
bc01cd44 b TftpBlockWrap
bc01cd48 b TftpBlockWrapOffset
bc01cd4c b TftpState
bc01cd50 b default_filename
bc01cd60 b tftp_filename
bc01cd70 b first_failed.0
bc01cd74 b eth_devices
bc01cd80 b arptimer
bc01cd90 b ipid
bc01cd94 b iss
bc01cd98 b c
bc01cd99 b opt
bc01cd9a b tmp16
bc01cda0 b arp_table
bc01cdb8 b ipaddr
bc01cdbc b i
bc01cdbd b c
bc01cdbe b arptime
bc01cdbf b tmpage
bc01cdc0 b webfailsafe_upload_failed
bc01cdc4 b webfailsafe_post_done
bc01cdc8 b data_start_found
bc01cdcc b post_packet_counter
bc01cdd0 b boundary_value
bc01cde0 b rt2880_free_buf
bc01d0c0 b tx_ring0_cache
bc01d240 b rx_ring_cache
bc01d3c0 b rx_dma_owner_idx0
bc01d3c4 b rx_wants_alloc_idx0
bc01d3c8 b tx_cpu_owner_idx0
bc01d3cc b rx_ring
bc01d3d0 b tx_ring0
bc01d3d4 b rxRingSize
bc01d3d5 b txRingSize
bc01d3d8 b rt2880_eth_initd
bc01d3dc b PKT_HEADER_Buf_Pool
bc033c20 B spi_chip_info
bc033c30 b lastcommand.0
bc033d30 b a_b
bc033d48 b os_data_state
bc033d4c b os_data_state_saved
bc033d50 b os_data_count_saved
bc033d54 b os_data_addr
bc033d58 b os_data_addr_saved
bc033d5c b bin_start_address
bc033d60 b k_data_escape
bc033d64 b k_data_escape_saved
bc033d70 b base_address
bc033d80 b ctrlc_was_pressed
bc033d84 b ctrlc_disabled
bc033d90 B stdio_devices
bc033d9c B devlist
bc033da0 b n_mmaps_max
bc033da4 b top_pad
bc033da8 b current_mallinfo
bc033dd0 b max_total_mem
bc033dd4 b mmapped_mem
bc033dd8 b max_sbrked_mem
bc033de0 b crc_table
bc0341e0 b linux_argc
bc0341e4 b linux_argv
bc0341e8 b linux_env
bc0341ec b linux_env_p
bc0341f0 b linux_env_idx
bc034200 B gd_data
bc034224 B Pkt_Buf_Pool
bc04b664 B NetRxPackets
bc04b754 B BootFile
bc04b7d4 B NetArpWaitPacketBuf
bc04be14 B uip_conns
bc04be6c B uip_buf
bc04c44c B console_buffer
bc04c54c B console_history
bc04cf4c B header
bc04cf8c B os_data_header
bc04cfac B send_parms
bc04cfc0 A uboot_end
bc04cfc0 C monitor_flash_len
bc04cfc4 C mips_bus_feq
bc04cfc8 C mips_cpu_feq
bc04cfcc C NetArpWaitTry
bc04cfd0 C NetArpWaitPacketMAC
bc04cfd4 C NetOurEther
bc04cfdc C NetOurIP
bc04cfe0 C NetServerIP
bc04cfe4 C NetArpWaitTxPacketSize
bc04cfe8 C NetArpWaitReplyIP
bc04cfec C NetArpWaitTxPacket
bc04cff0 C NetArpWaitPacketIP
bc04cff4 C NetState
bc04cff8 C NetIPID
bc04cffc C NetRxPkt
bc04d000 C NetRxPktLen
bc04d004 C NetBootFileXferSize
bc04d008 C PktBuf
bc04d00c C NetArpWaitTimerStart
bc04d010 C TftpStarted
bc04d014 C eth_current
bc04d018 C uip_len
bc04d01c C uip_sappdata
bc04d020 C uip_acc32
bc04d024 C uip_flags
bc04d028 C uip_appdata
bc04d02c C uip_conn
bc04d030 C uip_arp_netmask
bc04d034 C uip_listenports
bc04d036 C uip_surglen
bc04d038 C uip_urgdata
bc04d03c C uip_hostaddr
bc04d040 C uip_arp_draddr
bc04d044 C uip_urglen
bc04d046 C uip_slen
bc04d048 C hs
bc04d04c C rt2880_free_buf_list
bc04d054 C PKT_HEADER_Buf
bc04d058 C rt2880_pdev
bc04d05c C rt2880_busing_buf_list
bc04d064 C his_pad_char
bc04d068 C os_data_count
bc04d06c C os_data_init
bc04d070 C send_ptr
bc04d074 C os_data_char
bc04d078 C his_eol
bc04d079 C his_quote
bc04d07c C his_pad_count
bc04d080 C dp_last_size
bc04d084 C dp_last_addr
bc04d088 C mm_last_size
bc04d08c C mm_last_addr
bc04d090 C env_ptr
bc04d094 C ___strtok
